# Core FastAPI and dependencies with compatible versions
fastapi>=0.100.0,<0.110.0
pydantic>=2.0.0,<3.0.0
pydantic-core>=2.0.0
uvicorn[standard]>=0.20.0

# Database
sqlalchemy>=2.0.0
psycopg2-binary
alembic

# Cache
redis>=4.5.0
hiredis

# HTTP client
httpx
requests

# Authentication and security
python-jose[cryptography]
passlib[bcrypt]
python-multipart

# Configuration
python-dotenv
pyyaml

# Monitoring and logging
prometheus-client
structlog

# DNS tools
dnspython

# Validation
email-validator

# Testing dependencies
pytest>=7.0.0
pytest-asyncio>=0.21.0
httpx>=0.24.0

# Development dependencies
pylint
bandit
safety
black
isort